// Jest Snapshot v1, https://goo.gl/fbAQLP

exports[`BookCart component should render BookCart component 1`] = `ShallowWrapper {}`;
